Archive member included to satisfy reference by file (symbol)

/usr/local/mcuxpressoide-11.10.0_3148/ide/plugins/com.nxp.mcuxpresso.tools.linux_11.10.0.202311280810/tools/bin/../lib/gcc/arm-none-eabi/13.2.1/../../../../arm-none-eabi/lib/thumb/v7e-m+fp/hard/libc_nano.a(libc_a-vsprintf.o)
                              ./source/UART.o (vsprintf)
/usr/local/mcuxpressoide-11.10.0_3148/ide/plugins/com.nxp.mcuxpresso.tools.linux_11.10.0.202311280810/tools/bin/../lib/gcc/arm-none-eabi/13.2.1/../../../../arm-none-eabi/lib/thumb/v7e-m+fp/hard/libc_nano.a(libc_a-impure.o)
                              /usr/local/mcuxpressoide-11.10.0_3148/ide/plugins/com.nxp.mcuxpresso.tools.linux_11.10.0.202311280810/tools/bin/../lib/gcc/arm-none-eabi/13.2.1/../../../../arm-none-eabi/lib/thumb/v7e-m+fp/hard/libc_nano.a(libc_a-vsprintf.o) (_impure_ptr)
/usr/local/mcuxpressoide-11.10.0_3148/ide/plugins/com.nxp.mcuxpresso.tools.linux_11.10.0.202311280810/tools/bin/../lib/gcc/arm-none-eabi/13.2.1/../../../../arm-none-eabi/lib/thumb/v7e-m+fp/hard/libc_nano.a(libc_a-sprintf.o)
                              ./source/SYSTICK.o (sprintf)
/usr/local/mcuxpressoide-11.10.0_3148/ide/plugins/com.nxp.mcuxpresso.tools.linux_11.10.0.202311280810/tools/bin/../lib/gcc/arm-none-eabi/13.2.1/../../../../arm-none-eabi/lib/thumb/v7e-m+fp/hard/libc_nano.a(libc_a-nano-svfprintf.o)
                              /usr/local/mcuxpressoide-11.10.0_3148/ide/plugins/com.nxp.mcuxpresso.tools.linux_11.10.0.202311280810/tools/bin/../lib/gcc/arm-none-eabi/13.2.1/../../../../arm-none-eabi/lib/thumb/v7e-m+fp/hard/libc_nano.a(libc_a-vsprintf.o) (_svfprintf_r)
/usr/local/mcuxpressoide-11.10.0_3148/ide/plugins/com.nxp.mcuxpresso.tools.linux_11.10.0.202311280810/tools/bin/../lib/gcc/arm-none-eabi/13.2.1/../../../../arm-none-eabi/lib/thumb/v7e-m+fp/hard/libc_nano.a(libc_a-nano-vfprintf_i.o)
                              /usr/local/mcuxpressoide-11.10.0_3148/ide/plugins/com.nxp.mcuxpresso.tools.linux_11.10.0.202311280810/tools/bin/../lib/gcc/arm-none-eabi/13.2.1/../../../../arm-none-eabi/lib/thumb/v7e-m+fp/hard/libc_nano.a(libc_a-nano-svfprintf.o) (_printf_i)
/usr/local/mcuxpressoide-11.10.0_3148/ide/plugins/com.nxp.mcuxpresso.tools.linux_11.10.0.202311280810/tools/bin/../lib/gcc/arm-none-eabi/13.2.1/../../../../arm-none-eabi/lib/thumb/v7e-m+fp/hard/libc_nano.a(libc_a-memchr.o)
                              /usr/local/mcuxpressoide-11.10.0_3148/ide/plugins/com.nxp.mcuxpresso.tools.linux_11.10.0.202311280810/tools/bin/../lib/gcc/arm-none-eabi/13.2.1/../../../../arm-none-eabi/lib/thumb/v7e-m+fp/hard/libc_nano.a(libc_a-nano-svfprintf.o) (memchr)
/usr/local/mcuxpressoide-11.10.0_3148/ide/plugins/com.nxp.mcuxpresso.tools.linux_11.10.0.202311280810/tools/bin/../lib/gcc/arm-none-eabi/13.2.1/../../../../arm-none-eabi/lib/thumb/v7e-m+fp/hard/libc_nano.a(libc_a-memcpy-stub.o)
                              /usr/local/mcuxpressoide-11.10.0_3148/ide/plugins/com.nxp.mcuxpresso.tools.linux_11.10.0.202311280810/tools/bin/../lib/gcc/arm-none-eabi/13.2.1/../../../../arm-none-eabi/lib/thumb/v7e-m+fp/hard/libc_nano.a(libc_a-nano-svfprintf.o) (memcpy)
/usr/local/mcuxpressoide-11.10.0_3148/ide/plugins/com.nxp.mcuxpresso.tools.linux_11.10.0.202311280810/tools/bin/../lib/gcc/arm-none-eabi/13.2.1/../../../../arm-none-eabi/lib/thumb/v7e-m+fp/hard/libc_nano.a(libc_a-mallocr.o)
                              /usr/local/mcuxpressoide-11.10.0_3148/ide/plugins/com.nxp.mcuxpresso.tools.linux_11.10.0.202311280810/tools/bin/../lib/gcc/arm-none-eabi/13.2.1/../../../../arm-none-eabi/lib/thumb/v7e-m+fp/hard/libc_nano.a(libc_a-nano-svfprintf.o) (_malloc_r)
/usr/local/mcuxpressoide-11.10.0_3148/ide/plugins/com.nxp.mcuxpresso.tools.linux_11.10.0.202311280810/tools/bin/../lib/gcc/arm-none-eabi/13.2.1/../../../../arm-none-eabi/lib/thumb/v7e-m+fp/hard/libc_nano.a(libc_a-mlock.o)
                              /usr/local/mcuxpressoide-11.10.0_3148/ide/plugins/com.nxp.mcuxpresso.tools.linux_11.10.0.202311280810/tools/bin/../lib/gcc/arm-none-eabi/13.2.1/../../../../arm-none-eabi/lib/thumb/v7e-m+fp/hard/libc_nano.a(libc_a-mallocr.o) (__malloc_lock)
/usr/local/mcuxpressoide-11.10.0_3148/ide/plugins/com.nxp.mcuxpresso.tools.linux_11.10.0.202311280810/tools/bin/../lib/gcc/arm-none-eabi/13.2.1/../../../../arm-none-eabi/lib/thumb/v7e-m+fp/hard/libc_nano.a(libc_a-sbrkr.o)
                              /usr/local/mcuxpressoide-11.10.0_3148/ide/plugins/com.nxp.mcuxpresso.tools.linux_11.10.0.202311280810/tools/bin/../lib/gcc/arm-none-eabi/13.2.1/../../../../arm-none-eabi/lib/thumb/v7e-m+fp/hard/libc_nano.a(libc_a-mallocr.o) (_sbrk_r)
/usr/local/mcuxpressoide-11.10.0_3148/ide/plugins/com.nxp.mcuxpresso.tools.linux_11.10.0.202311280810/tools/bin/../lib/gcc/arm-none-eabi/13.2.1/../../../../arm-none-eabi/lib/thumb/v7e-m+fp/hard/libc_nano.a(libc_a-memmove.o)
[...]
Memory Configuration

Name             Origin             Length             Attributes
PROGRAM_FLASH    0x00000000         0x00100000         xr
SRAM_UPPER       0x20000000         0x00030000         xrw
SRAM_LOWER       0x1fff0000         0x00010000         xrw
FLEX_RAM         0x14000000         0x00001000         xrw
*default*        0x00000000         0xffffffff

Linker script and memory map

LOAD ./startup/startup_mk64f12.o
LOAD ./source/ADC.o
LOAD ./source/DAC.o
LOAD ./source/SYSTICK.o
LOAD ./source/UART.o
LOAD ./source/hardware.o
LOAD ./source/main.o
LOAD ./source/ports.o
LOAD ./CMSIS/system_MK64F12.o
START GROUP
LOAD /usr/local/mcuxpressoide-11.10.0_3148/ide/plugins/com.nxp.mcuxpresso.tools.linux_11.10.0.202311280810/tools/bin/../lib/gcc/arm-none-eabi/13.2.1/thumb/v7e-m+fp/hard/libgcc.a
LOAD /usr/local/mcuxpressoide-11.10.0_3148/ide/plugins/com.nxp.mcuxpresso.tools.linux_11.10.0.202311280810/tools/bin/../lib/gcc/arm-none-eabi/13.2.1/../../../../arm-none-eabi/lib/thumb/v7e-m+fp/hard/libc_nano.a
LOAD /usr/local/mcuxpressoide-11.10.0_3148/ide/plugins/com.nxp.mcuxpresso.tools.linux_11.10.0.202311280810/tools/bin/../lib/gcc/arm-none-eabi/13.2.1/../../../../arm-none-eabi/lib/thumb/v7e-m+fp/hard/libm.a
LOAD /usr/local/mcuxpressoide-11.10.0_3148/ide/plugins/com.nxp.mcuxpresso.tools.linux_11.10.0.202311280810/tools/bin/../lib/gcc/arm-none-eabi/13.2.1/../../../../arm-none-eabi/lib/thumb/v7e-m+fp/hard/libcr_newlib_nohost.a
END GROUP
                0x00000000                        __base_PROGRAM_FLASH = 0x0
                0x00000000                        __base_Flash = 0x0
                0x00100000                        __top_PROGRAM_FLASH = 0x100000
                0x00100000                        __top_Flash = 0x100000
                0x20000000                        __base_SRAM_UPPER = 0x20000000
                0x20000000                        __base_RAM = 0x20000000
                0x20030000                        __top_SRAM_UPPER = 0x20030000
                0x20030000                        __top_RAM = 0x20030000
                0x1fff0000                        __base_SRAM_LOWER = 0x1fff0000
                0x1fff0000                        __base_RAM2 = 0x1fff0000
                0x20000000                        __top_SRAM_LOWER = 0x20000000
                0x20000000                        __top_RAM2 = 0x20000000
                0x14000000                        __base_FLEX_RAM = 0x14000000
                0x14000000                        __base_RAM3 = 0x14000000
                0x14001000                        __top_FLEX_RAM = 0x14001000
                0x14001000                        __top_RAM3 = 0x14001000

.text           0x00000000     0x1b68
 FILL mask 0xff
                0x00000000                        __vectors_start__ = ABSOLUTE (.)
 *(.isr_vector)
 .isr_vector    0x00000000      0x198 ./startup/startup_mk64f12.o
                0x00000000                __Vectors
                0x00000000                g_pfnVectors
                0x00000198                        . = ALIGN (0x4)
                0x00000198                        __section_table_start = .
                0x00000198                        __data_section_table = .
                0x00000198        0x4 LONG 0x1b70 LOADADDR (.data)
                0x0000019c        0x4 LONG 0x20000000 ADDR (.data)
                0x000001a0        0x4 LONG 0x60 SIZEOF (.data)
                0x000001a4        0x4 LONG 0x1b70 LOADADDR (.data_RAM2)
                0x000001a8        0x4 LONG 0x1fff0000 ADDR (.data_RAM2)
                0x000001ac        0x4 LONG 0x0 SIZEOF (.data_RAM2)
                0x000001b0        0x4 LONG 0x1b70 LOADADDR (.data_RAM3)
                0x000001b4        0x4 LONG 0x14000000 ADDR (.data_RAM3)
                0x000001b8        0x4 LONG 0x0 SIZEOF (.data_RAM3)
                0x000001bc                        __data_section_table_end = .
                0x000001bc                        __bss_section_table = .
                0x000001bc        0x4 LONG 0x20000060 ADDR (.bss)
                0x000001c0        0x4 LONG 0x20 SIZEOF (.bss)
                0x000001c4        0x4 LONG 0x1fff0000 ADDR (.bss_RAM2)
                0x000001c8        0x4 LONG 0x0 SIZEOF (.bss_RAM2)
                0x000001cc        0x4 LONG 0x14000000 ADDR (.bss_RAM3)
                0x000001d0        0x4 LONG 0x0 SIZEOF (.bss_RAM3)
                0x000001d4                        __bss_section_table_end = .
                0x000001d4                        __section_table_end = .
 *(.after_vectors*)
 .after_vectors.init_data
                0x000001d4       0x1e ./startup/startup_mk64f12.o
                0x000001d4                data_init
 .after_vectors.init_bss
                0x000001f2       0x12 ./startup/startup_mk64f12.o
                0x000001f2                bss_init
 .after_vectors.reset
                0x00000204       0x4c ./startup/startup_mk64f12.o
                0x00000204                ResetISR
 .after_vectors
                0x00000250       0x14 ./startup/startup_mk64f12.o
                0x00000250                NMI_Handler
                0x00000252                HardFault_Handler
                0x00000254                MemManage_Handler
                0x00000256                BusFault_Handler
                0x00000258                UsageFault_Handler
                0x0000025a                SVC_Handler
                0x0000025c                DebugMon_Handler
                0x0000025e                PendSV_Handler
                0x00000262                DMA0_DriverIRQHandler
                0x00000262                PORTB_DriverIRQHandler
                0x00000262                DMA12_DriverIRQHandler
                0x00000262                SPI1_DriverIRQHandler
                0x00000262                LPTMR0_DriverIRQHandler
                0x00000262                DMA_Error_DriverIRQHandler
                0x00000262                FTM1_DriverIRQHandler
                0x00000262                FTM2_DriverIRQHandler
                0x00000262                PIT2_DriverIRQHandler
                0x00000262                SDHC_DriverIRQHandler
                0x00000262                I2S0_Tx_DriverIRQHandler
                0x00000262                RTC_Seconds_DriverIRQHandler
                0x00000262                DMA6_DriverIRQHandler
                0x00000262                LLWU_DriverIRQHandler
                0x00000262                MCM_DriverIRQHandler
                0x00000262                MCG_DriverIRQHandler
                0x00000262                ENET_1588_Timer_DriverIRQHandler
                0x00000262                I2C2_DriverIRQHandler
                0x00000262                DAC1_DriverIRQHandler
                0x00000262                CMP1_DriverIRQHandler
                0x00000262                UART5_RX_TX_DriverIRQHandler
                0x00000262                FTM0_DriverIRQHandler
                0x00000262                IntDefaultHandler
                0x00000262                USB0_DriverIRQHandler
                0x00000262                UART5_ERR_DriverIRQHandler
                0x00000262                PORTC_DriverIRQHandler
                0x00000262                DMA11_DriverIRQHandler
                0x00000262                DAC0_DriverIRQHandler
                0x00000262                DMA10_DriverIRQHandler
                0x00000262                CMP2_DriverIRQHandler
                0x00000262                UART2_ERR_DriverIRQHandler
                0x00000262                SPI2_DriverIRQHandler
                0x00000262                LVD_LVW_DriverIRQHandler
                0x00000262                PIT0_DriverIRQHandler
                0x00000262                RNG_DriverIRQHandler
                0x00000262                DMA5_DriverIRQHandler
                0x00000262                DMA4_DriverIRQHandler
                0x00000262                UART2_RX_TX_DriverIRQHandler
                0x00000262                USBDCD_DriverIRQHandler
                0x00000262                UART3_ERR_DriverIRQHandler
                0x00000262                DMA3_DriverIRQHandler
                0x00000262                DMA8_DriverIRQHandler
                0x00000262                DMA9_DriverIRQHandler
                0x00000262                UART0_ERR_DriverIRQHandler
                0x00000262                CMT_DriverIRQHandler
                0x00000262                Reserved71_DriverIRQHandler
                0x00000262                ADC1_DriverIRQHandler
                0x00000262                PORTA_DriverIRQHandler
                0x00000262                DMA14_DriverIRQHandler
                0x00000262                PIT3_DriverIRQHandler
                0x00000262                PIT1_DriverIRQHandler
                0x00000262                WDOG_EWM_DriverIRQHandler
                0x00000262                PDB0_DriverIRQHandler
                0x00000262                RTC_DriverIRQHandler
                0x00000262                I2S0_Rx_DriverIRQHandler
                0x00000262                Read_Collision_DriverIRQHandler
                0x00000262                SWI_DriverIRQHandler
                0x00000262                UART4_RX_TX_DriverIRQHandler
                0x00000262                UART4_ERR_DriverIRQHandler
                0x00000262                UART0_LON_DriverIRQHandler
                0x00000262                DMA1_DriverIRQHandler
                0x00000262                I2C1_DriverIRQHandler
                0x00000262                UART3_RX_TX_DriverIRQHandler
                0x00000262                ENET_Receive_DriverIRQHandler
                0x00000262                DMA13_DriverIRQHandler
                0x00000262                ENET_Error_DriverIRQHandler
                0x00000262                DMA15_DriverIRQHandler
                0x00000262                UART0_RX_TX_DriverIRQHandler
                0x00000262                SPI0_DriverIRQHandler
                0x00000262                ADC0_DriverIRQHandler
                0x00000262                CMP0_DriverIRQHandler
                0x00000262                CAN0_DriverIRQHandler
                0x00000262                FTM3_DriverIRQHandler
                0x00000262                UART1_ERR_DriverIRQHandler
                0x00000262                DMA2_DriverIRQHandler
                0x00000262                ENET_Transmit_DriverIRQHandler
                0x00000262                PORTD_DriverIRQHandler
                0x00000262                PORTE_DriverIRQHandler
                0x00000262                FTFE_DriverIRQHandler
                0x00000262                I2C0_DriverIRQHandler
                0x00000262                DMA7_DriverIRQHandler
                0x00000262                UART1_RX_TX_DriverIRQHandler
                0x00000400                        . = 0x400
 *fill*         0x00000264      0x19c ff
                0x00000400                        PROVIDE (__FLASH_CONFIG_START__ = .)
 *(.FlashConfig)
 .FlashConfig   0x00000400       0x10 ./startup/startup_mk64f12.o
                0x00000400                Flash_Config
                0x00000410                        PROVIDE (__FLASH_CONFIG_END__ = .)
                0x00000001                        ASSERT (! ((__FLASH_CONFIG_START__ == __FLASH_CONFIG_END__)), Linker Flash Config Support Enabled, but no .FlashConfig section provided within application)
 *(.text*)
 .text.DMA0_IRQHandler
                0x00000410        0x8 ./startup/startup_mk64f12.o
                0x00000410                DMA0_IRQHandler
 .text.DMA1_IRQHandler
                0x00000418        0x8 ./startup/startup_mk64f12.o
                0x00000418                DMA1_IRQHandler
 .text.DMA2_IRQHandler
                0x00000420        0x8 ./startup/startup_mk64f12.o
                0x00000420                DMA2_IRQHandler
 .text.DMA3_IRQHandler
                0x00000428        0x8 ./startup/startup_mk64f12.o
                0x00000428                DMA3_IRQHandler
 .text.DMA4_IRQHandler
                0x00000430        0x8 ./startup/startup_mk64f12.o
                0x00000430                DMA4_IRQHandler
 .text.DMA5_IRQHandler
                0x00000438        0x8 ./startup/startup_mk64f12.o
                0x00000438                DMA5_IRQHandler
 .text.DMA6_IRQHandler
                0x00000440        0x8 ./startup/startup_mk64f12.o
                0x00000440                DMA6_IRQHandler
 .text.DMA7_IRQHandler
                0x00000448        0x8 ./startup/startup_mk64f12.o
                0x00000448                DMA7_IRQHandler
 .text.DMA8_IRQHandler
                0x00000450        0x8 ./startup/startup_mk64f12.o
                0x00000450                DMA8_IRQHandler
 .text.DMA9_IRQHandler
                0x00000458        0x8 ./startup/startup_mk64f12.o
                0x00000458                DMA9_IRQHandler
 .text.DMA10_IRQHandler
                0x00000460        0x8 ./startup/startup_mk64f12.o
                0x00000460                DMA10_IRQHandler
 .text.DMA11_IRQHandler
                0x00000468        0x8 ./startup/startup_mk64f12.o
                0x00000468                DMA11_IRQHandler
 .text.DMA12_IRQHandler
                0x00000470        0x8 ./startup/startup_mk64f12.o
                0x00000470                DMA12_IRQHandler
 .text.DMA13_IRQHandler
                0x00000478        0x8 ./startup/startup_mk64f12.o
                0x00000478                DMA13_IRQHandler
 .text.DMA14_IRQHandler
                0x00000480        0x8 ./startup/startup_mk64f12.o
                0x00000480                DMA14_IRQHandler
 .text.DMA15_IRQHandler
                0x00000488        0x8 ./startup/startup_mk64f12.o
                0x00000488                DMA15_IRQHandler
 .text.DMA_Error_IRQHandler
                0x00000490        0x8 ./startup/startup_mk64f12.o
                0x00000490                DMA_Error_IRQHandler
 .text.MCM_IRQHandler
                0x00000498        0x8 ./startup/startup_mk64f12.o
                0x00000498                MCM_IRQHandler
 .text.FTFE_IRQHandler
                0x000004a0        0x8 ./startup/startup_mk64f12.o
                0x000004a0                FTFE_IRQHandler
 .text.Read_Collision_IRQHandler
                0x000004a8        0x8 ./startup/startup_mk64f12.o
                0x000004a8                Read_Collision_IRQHandler
 .text.LVD_LVW_IRQHandler
                0x000004b0        0x8 ./startup/startup_mk64f12.o
                0x000004b0                LVD_LVW_IRQHandler
 .text.LLWU_IRQHandler
                0x000004b8        0x8 ./startup/startup_mk64f12.o
                0x000004b8                LLWU_IRQHandler
 .text.WDOG_EWM_IRQHandler
                0x000004c0        0x8 ./startup/startup_mk64f12.o
                0x000004c0                WDOG_EWM_IRQHandler
 .text.RNG_IRQHandler
                0x000004c8        0x8 ./startup/startup_mk64f12.o
                0x000004c8                RNG_IRQHandler
 .text.I2C0_IRQHandler
                0x000004d0        0x8 ./startup/startup_mk64f12.o
                0x000004d0                I2C0_IRQHandler
 .text.I2C1_IRQHandler
                0x000004d8        0x8 ./startup/startup_mk64f12.o
                0x000004d8                I2C1_IRQHandler
 .text.SPI0_IRQHandler
                0x000004e0        0x8 ./startup/startup_mk64f12.o
                0x000004e0                SPI0_IRQHandler
 .text.SPI1_IRQHandler
                0x000004e8        0x8 ./startup/startup_mk64f12.o
                0x000004e8                SPI1_IRQHandler
 .text.I2S0_Tx_IRQHandler
                0x000004f0        0x8 ./startup/startup_mk64f12.o
                0x000004f0                I2S0_Tx_IRQHandler
 .text.I2S0_Rx_IRQHandler
                0x000004f8        0x8 ./startup/startup_mk64f12.o
                0x000004f8                I2S0_Rx_IRQHandler
 .text.UART0_LON_IRQHandler
                0x00000500        0x8 ./startup/startup_mk64f12.o
                0x00000500                UART0_LON_IRQHandler
 .text.UART0_ERR_IRQHandler
                0x00000508        0x8 ./startup/startup_mk64f12.o
                0x00000508                UART0_ERR_IRQHandler
 .text.UART1_RX_TX_IRQHandler
                0x00000510        0x8 ./startup/startup_mk64f12.o
                0x00000510                UART1_RX_TX_IRQHandler
 .text.UART1_ERR_IRQHandler
                0x00000518        0x8 ./startup/startup_mk64f12.o
                0x00000518                UART1_ERR_IRQHandler
 .text.UART2_RX_TX_IRQHandler
                0x00000520        0x8 ./startup/startup_mk64f12.o
                0x00000520                UART2_RX_TX_IRQHandler
 .text.UART2_ERR_IRQHandler
                0x00000528        0x8 ./startup/startup_mk64f12.o
                0x00000528                UART2_ERR_IRQHandler
 .text.UART3_RX_TX_IRQHandler
                0x00000530        0x8 ./startup/startup_mk64f12.o
                0x00000530                UART3_RX_TX_IRQHandler
 .text.UART3_ERR_IRQHandler
                0x00000538        0x8 ./startup/startup_mk64f12.o
                0x00000538                UART3_ERR_IRQHandler
 .text.ADC0_IRQHandler
                0x00000540        0x8 ./startup/startup_mk64f12.o
                0x00000540                ADC0_IRQHandler
 .text.CMP0_IRQHandler
                0x00000548        0x8 ./startup/startup_mk64f12.o
                0x00000548                CMP0_IRQHandler
 .text.CMP1_IRQHandler
                0x00000550        0x8 ./startup/startup_mk64f12.o
                0x00000550                CMP1_IRQHandler
 .text.FTM0_IRQHandler
                0x00000558        0x8 ./startup/startup_mk64f12.o
                0x00000558                FTM0_IRQHandler
 .text.FTM1_IRQHandler
                0x00000560        0x8 ./startup/startup_mk64f12.o
                0x00000560                FTM1_IRQHandler
 .text.FTM2_IRQHandler
                0x00000568        0x8 ./startup/startup_mk64f12.o
                0x00000568                FTM2_IRQHandler
 .text.CMT_IRQHandler
                0x00000570        0x8 ./startup/startup_mk64f12.o
                0x00000570                CMT_IRQHandler
 .text.RTC_IRQHandler
                0x00000578        0x8 ./startup/startup_mk64f12.o
                0x00000578                RTC_IRQHandler
 .text.RTC_Seconds_IRQHandler
                0x00000580        0x8 ./startup/startup_mk64f12.o
                0x00000580                RTC_Seconds_IRQHandler
 .text.PIT0_IRQHandler
                0x00000588        0x8 ./startup/startup_mk64f12.o
                0x00000588                PIT0_IRQHandler
 .text.PIT1_IRQHandler
                0x00000590        0x8 ./startup/startup_mk64f12.o
                0x00000590                PIT1_IRQHandler
 .text.PIT2_IRQHandler
                0x00000598        0x8 ./startup/startup_mk64f12.o
                0x00000598                PIT2_IRQHandler
 .text.PIT3_IRQHandler
                0x000005a0        0x8 ./startup/startup_mk64f12.o
                0x000005a0                PIT3_IRQHandler
 .text.PDB0_IRQHandler
                0x000005a8        0x8 ./startup/startup_mk64f12.o
                0x000005a8                PDB0_IRQHandler
 .text.USB0_IRQHandler
                0x000005b0        0x8 ./startup/startup_mk64f12.o
                0x000005b0                USB0_IRQHandler
 .text.USBDCD_IRQHandler
                0x000005b8        0x8 ./startup/startup_mk64f12.o
                0x000005b8                USBDCD_IRQHandler
 .text.Reserved71_IRQHandler
                0x000005c0        0x8 ./startup/startup_mk64f12.o
                0x000005c0                Reserved71_IRQHandler
 .text.DAC0_IRQHandler
                0x000005c8        0x8 ./startup/startup_mk64f12.o
                0x000005c8                DAC0_IRQHandler
 .text.MCG_IRQHandler
                0x000005d0        0x8 ./startup/startup_mk64f12.o
                0x000005d0                MCG_IRQHandler
 .text.LPTMR0_IRQHandler
                0x000005d8        0x8 ./startup/startup_mk64f12.o
                0x000005d8                LPTMR0_IRQHandler
 .text.PORTA_IRQHandler
                0x000005e0        0x8 ./startup/startup_mk64f12.o
                0x000005e0                PORTA_IRQHandler
 .text.PORTB_IRQHandler
                0x000005e8        0x8 ./startup/startup_mk64f12.o
                0x000005e8                PORTB_IRQHandler
 .text.PORTC_IRQHandler
                0x000005f0        0x8 ./startup/startup_mk64f12.o
                0x000005f0                PORTC_IRQHandler
 .text.PORTD_IRQHandler
                0x000005f8        0x8 ./startup/startup_mk64f12.o
                0x000005f8                PORTD_IRQHandler
 .text.PORTE_IRQHandler
                0x00000600        0x8 ./startup/startup_mk64f12.o
                0x00000600                PORTE_IRQHandler
 .text.SWI_IRQHandler
                0x00000608        0x8 ./startup/startup_mk64f12.o
                0x00000608                SWI_IRQHandler
 .text.SPI2_IRQHandler
                0x00000610        0x8 ./startup/startup_mk64f12.o
                0x00000610                SPI2_IRQHandler
 .text.UART4_RX_TX_IRQHandler
                0x00000618        0x8 ./startup/startup_mk64f12.o
                0x00000618                UART4_RX_TX_IRQHandler
 .text.UART4_ERR_IRQHandler
                0x00000620        0x8 ./startup/startup_mk64f12.o
                0x00000620                UART4_ERR_IRQHandler
 .text.UART5_RX_TX_IRQHandler
                0x00000628        0x8 ./startup/startup_mk64f12.o
                0x00000628                UART5_RX_TX_IRQHandler
 .text.UART5_ERR_IRQHandler
                0x00000630        0x8 ./startup/startup_mk64f12.o
                0x00000630                UART5_ERR_IRQHandler
 .text.CMP2_IRQHandler
                0x00000638        0x8 ./startup/startup_mk64f12.o
                0x00000638                CMP2_IRQHandler
 .text.FTM3_IRQHandler
                0x00000640        0x8 ./startup/startup_mk64f12.o
                0x00000640                FTM3_IRQHandler
 .text.DAC1_IRQHandler
                0x00000648        0x8 ./startup/startup_mk64f12.o
                0x00000648                DAC1_IRQHandler
 .text.ADC1_IRQHandler
                0x00000650        0x8 ./startup/startup_mk64f12.o
                0x00000650                ADC1_IRQHandler
 .text.I2C2_IRQHandler
                0x00000658        0x8 ./startup/startup_mk64f12.o
                0x00000658                I2C2_IRQHandler
 .text.CAN0_ORed_Message_buffer_IRQHandler
                0x00000660        0x8 ./startup/startup_mk64f12.o
                0x00000660                CAN0_ORed_Message_buffer_IRQHandler
 .text.CAN0_Bus_Off_IRQHandler
                0x00000668        0x8 ./startup/startup_mk64f12.o
                0x00000668                CAN0_Bus_Off_IRQHandler
 .text.CAN0_Error_IRQHandler
                0x00000670        0x8 ./startup/startup_mk64f12.o
                0x00000670                CAN0_Error_IRQHandler
 .text.CAN0_Tx_Warning_IRQHandler
                0x00000678        0x8 ./startup/startup_mk64f12.o
                0x00000678                CAN0_Tx_Warning_IRQHandler
 .text.CAN0_Rx_Warning_IRQHandler
                0x00000680        0x8 ./startup/startup_mk64f12.o
                0x00000680                CAN0_Rx_Warning_IRQHandler
 .text.CAN0_Wake_Up_IRQHandler
                0x00000688        0x8 ./startup/startup_mk64f12.o
                0x00000688                CAN0_Wake_Up_IRQHandler
 .text.SDHC_IRQHandler
                0x00000690        0x8 ./startup/startup_mk64f12.o
                0x00000690                SDHC_IRQHandler
 .text.ENET_1588_Timer_IRQHandler
                0x00000698        0x8 ./startup/startup_mk64f12.o
                0x00000698                ENET_1588_Timer_IRQHandler
 .text.ENET_Transmit_IRQHandler
                0x000006a0        0x8 ./startup/startup_mk64f12.o
                0x000006a0                ENET_Transmit_IRQHandler
 .text.ENET_Receive_IRQHandler
                0x000006a8        0x8 ./startup/startup_mk64f12.o
                0x000006a8                ENET_Receive_IRQHandler
 .text.ENET_Error_IRQHandler
                0x000006b0        0x8 ./startup/startup_mk64f12.o
                0x000006b0                ENET_Error_IRQHandler
 .text.NVIC_EnableIRQ
                0x000006b8       0x34 ./source/ADC.o
 .text.ADC_Init
                0x000006ec       0x6c ./source/ADC.o
                0x000006ec                ADC_Init
 .text.ADC_SetResolution
                0x00000758       0x2e ./source/ADC.o
                0x00000758                ADC_SetResolution
 .text.ADC_SetCycles
                0x00000786       0x4c ./source/ADC.o
                0x00000786                ADC_SetCycles
 .text.ADC_Calibrate
                0x000007d2      0x2aa ./source/ADC.o
                0x000007d2                ADC_Calibrate
 .text.DAC_Init
                0x00000a7c       0x54 ./source/DAC.o
                0x00000a7c                DAC_Init
 .text.SysTick_Handler
                0x00000ad0       0x38 ./source/SYSTICK.o
                0x00000ad0                SysTick_Handler
 .text.SysTick_Init
                0x00000b08       0x34 ./source/SYSTICK.o
                0x00000b08                SysTick_Init
 .text.blink_led
                0x00000b3c       0x38 ./source/SYSTICK.o
                0x00000b3c                blink_led
 .text.NVIC_EnableIRQ
                0x00000b74       0x34 ./source/UART.o
 .text.UART_Init
                0x00000ba8       0x74 ./source/UART.o
                0x00000ba8                UART_Init
 .text.UART_SetBaudRate
                0x00000c1c       0xb8 ./source/UART.o
                0x00000c1c                UART_SetBaudRate
 .text.UART0_RX_TX_IRQHandler
                0x00000cd4       0x3c ./source/UART.o
                0x00000cd4                UART0_RX_TX_IRQHandler
 .text.UART_Get_Status
                0x00000d10       0x18 ./source/UART.o
                0x00000d10                UART_Get_Status
 .text.UART_Get_Data
                0x00000d28       0x20 ./source/UART.o
                0x00000d28                UART_Get_Data
 .text.UART_Send_Data
                0x00000d48       0x30 ./source/UART.o
                0x00000d48                UART_Send_Data
 .text.serial_printf
                0x00000d78       0x38 ./source/UART.o
                0x00000d78                serial_printf
 .text.serial_print
                0x00000db0       0x38 ./source/UART.o
                0x00000db0                serial_print
 .text.hw_Init  0x00000de8       0xf4 ./source/hardware.o
                0x00000de8                hw_Init
 .text.hw_EnableInterrupts
                0x00000edc       0x30 ./source/hardware.o
                0x00000edc                hw_EnableInterrupts
 .text.hw_DisableInterrupts
                0x00000f0c       0x20 ./source/hardware.o
                0x00000f0c                hw_DisableInterrupts
 .text.main     0x00000f2c       0x68 ./source/main.o
                0x00000f2c                main
 .text.Init_Ports
                0x00000f94      0x14c ./source/ports.o
                0x00000f94                Init_Ports
 .text.Toggle   0x000010e0       0x24 ./source/ports.o
                0x000010e0                Toggle
 .text.SystemInit
                0x00001104       0x40 ./CMSIS/system_MK64F12.o
                0x00001104                SystemInit
 .text._vsprintf_r
                0x00001144       0x2c /usr/local/mcuxpressoide-11.10.0_3148/ide/plugins/com.nxp.mcuxpresso.tools.linux_11.10.0.202311280810/tools/bin/../lib/gcc/arm-none-eabi/13.2.1/../../../../arm-none-eabi/lib/thumb/v7e-m+fp/hard/libc_nano.a(libc_a-vsprintf.o)
                0x00001144                _vsiprintf_r
                0x00001144                _vsprintf_r
 .text.vsprintf
                0x00001170       0x14 /usr/local/mcuxpressoide-11.10.0_3148/ide/plugins/com.nxp.mcuxpresso.tools.linux_11.10.0.202311280810/tools/bin/../lib/gcc/arm-none-eabi/13.2.1/../../../../arm-none-eabi/lib/thumb/v7e-m+fp/hard/libc_nano.a(libc_a-vsprintf.o)
                0x00001170                vsprintf
                0x00001170                vsiprintf
 .text.__ssputs_r
                0x00001184       0xb6 /usr/local/mcuxpressoide-11.10.0_3148/ide/plugins/com.nxp.mcuxpresso.tools.linux_11.10.0.202311280810/tools/bin/../lib/gcc/arm-none-eabi/13.2.1/../../../../arm-none-eabi/lib/thumb/v7e-m+fp/hard/libc_nano.a(libc_a-nano-svfprintf.o)
                0x00001184                __ssputs_r
 *fill*         0x0000123a        0x2 ff
 .text._svfprintf_r
                0x0000123c      0x1f8 /usr/local/mcuxpressoide-11.10.0_3148/ide/plugins/com.nxp.mcuxpresso.tools.linux_11.10.0.202311280810/tools/bin/../lib/gcc/arm-none-eabi/13.2.1/../../../../arm-none-eabi/lib/thumb/v7e-m+fp/hard/libc_nano.a(libc_a-nano-svfprintf.o)
                0x0000123c                _svfprintf_r
                0x0000123c                _svfiprintf_r
 .text._printf_common
                0x00001434       0xda /usr/local/mcuxpressoide-11.10.0_3148/ide/plugins/com.nxp.mcuxpresso.tools.linux_11.10.0.202311280810/tools/bin/../lib/gcc/arm-none-eabi/13.2.1/../../../../arm-none-eabi/lib/thumb/v7e-m+fp/hard/libc_nano.a(libc_a-nano-vfprintf_i.o)
                0x00001434                _printf_common
 *fill*         0x0000150e        0x2 ff
 .text._printf_i
                0x00001510      0x23c /usr/local/mcuxpressoide-11.10.0_3148/ide/plugins/com.nxp.mcuxpresso.tools.linux_11.10.0.202311280810/tools/bin/../lib/gcc/arm-none-eabi/13.2.1/../../../../arm-none-eabi/lib/thumb/v7e-m+fp/hard/libc_nano.a(libc_a-nano-vfprintf_i.o)
                0x00001510                _printf_i
 *fill*         0x0000174c        0x4 ff
 .text          0x00001750       0xa0 /usr/local/mcuxpressoide-11.10.0_3148/ide/plugins/com.nxp.mcuxpresso.tools.linux_11.10.0.202311280810/tools/bin/../lib/gcc/arm-none-eabi/13.2.1/../../../../arm-none-eabi/lib/thumb/v7e-m+fp/hard/libc_nano.a(libc_a-memchr.o)
                0x00001750                memchr
 .text.memcpy   0x000017f0       0x1c /usr/local/mcuxpressoide-11.10.0_3148/ide/plugins/com.nxp.mcuxpresso.tools.linux_11.10.0.202311280810/tools/bin/../lib/gcc/arm-none-eabi/13.2.1/../../../../arm-none-eabi/lib/thumb/v7e-m+fp/hard/libc_nano.a(libc_a-memcpy-stub.o)
                0x000017f0                memcpy
 .text.sbrk_aligned
                0x0000180c       0x44 /usr/local/mcuxpressoide-11.10.0_3148/ide/plugins/com.nxp.mcuxpresso.tools.linux_11.10.0.202311280810/tools/bin/../lib/gcc/arm-none-eabi/13.2.1/../../../../arm-none-eabi/lib/thumb/v7e-m+fp/hard/libc_nano.a(libc_a-mallocr.o)
 .text._malloc_r
                0x00001850      0x100 /usr/local/mcuxpressoide-11.10.0_3148/ide/plugins/com.nxp.mcuxpresso.tools.linux_11.10.0.202311280810/tools/bin/../lib/gcc/arm-none-eabi/13.2.1/../../../../arm-none-eabi/lib/thumb/v7e-m+fp/hard/libc_nano.a(libc_a-mallocr.o)
                0x00001850                _malloc_r
 .text.__malloc_lock
                0x00001950        0xc /usr/local/mcuxpressoide-11.10.0_3148/ide/plugins/com.nxp.mcuxpresso.tools.linux_11.10.0.202311280810/tools/bin/../lib/gcc/arm-none-eabi/13.2.1/../../../../arm-none-eabi/lib/thumb/v7e-m+fp/hard/libc_nano.a(libc_a-mlock.o)
                0x00001950                __malloc_lock
 .text.__malloc_unlock
                0x0000195c        0xc /usr/local/mcuxpressoide-11.10.0_3148/ide/plugins/com.nxp.mcuxpresso.tools.linux_11.10.0.202311280810/tools/bin/../lib/gcc/arm-none-eabi/13.2.1/../../../../arm-none-eabi/lib/thumb/v7e-m+fp/hard/libc_nano.a(libc_a-mlock.o)
                0x0000195c                __malloc_unlock
 .text._sbrk_r  0x00001968       0x20 /usr/local/mcuxpressoide-11.10.0_3148/ide/plugins/com.nxp.mcuxpresso.tools.linux_11.10.0.202311280810/tools/bin/../lib/gcc/arm-none-eabi/13.2.1/../../../../arm-none-eabi/lib/thumb/v7e-m+fp/hard/libc_nano.a(libc_a-sbrkr.o)
                0x00001968                _sbrk_r
 .text.memmove  0x00001988       0x34 /usr/local/mcuxpressoide-11.10.0_3148/ide/plugins/com.nxp.mcuxpresso.tools.linux_11.10.0.202311280810/tools/bin/../lib/gcc/arm-none-eabi/13.2.1/../../../../arm-none-eabi/lib/thumb/v7e-m+fp/hard/libc_nano.a(libc_a-memmove.o)
                0x00001988                memmove
 .text._realloc_r
                0x000019bc       0x5c /usr/local/mcuxpressoide-11.10.0_3148/ide/plugins/com.nxp.mcuxpresso.tools.linux_11.10.0.202311280810/tools/bin/../lib/gcc/arm-none-eabi/13.2.1/../../../../arm-none-eabi/lib/thumb/v7e-m+fp/hard/libc_nano.a(libc_a-reallocr.o)
                0x000019bc                _realloc_r
 .text._free_r  0x00001a18       0x94 /usr/local/mcuxpressoide-11.10.0_3148/ide/plugins/com.nxp.mcuxpresso.tools.linux_11.10.0.202311280810/tools/bin/../lib/gcc/arm-none-eabi/13.2.1/../../../../arm-none-eabi/lib/thumb/v7e-m+fp/hard/libc_nano.a(libc_a-freer.o)
                0x00001a18                _free_r
 .text.__retarget_lock_acquire_recursive
                0x00001aac        0x2 /usr/local/mcuxpressoide-11.10.0_3148/ide/plugins/com.nxp.mcuxpresso.tools.linux_11.10.0.202311280810/tools/bin/../lib/gcc/arm-none-eabi/13.2.1/../../../../arm-none-eabi/lib/thumb/v7e-m+fp/hard/libc_nano.a(libc_a-lock.o)
                0x00001aac                __retarget_lock_acquire_recursive
 .text.__retarget_lock_release_recursive
                0x00001aae        0x2 /usr/local/mcuxpressoide-11.10.0_3148/ide/plugins/com.nxp.mcuxpresso.tools.linux_11.10.0.202311280810/tools/bin/../lib/gcc/arm-none-eabi/13.2.1/../../../../arm-none-eabi/lib/thumb/v7e-m+fp/hard/libc_nano.a(libc_a-lock.o)
                0x00001aae                __retarget_lock_release_recursive
 .text._malloc_usable_size_r
                0x00001ab0       0x10 /usr/local/mcuxpressoide-11.10.0_3148/ide/plugins/com.nxp.mcuxpresso.tools.linux_11.10.0.202311280810/tools/bin/../lib/gcc/arm-none-eabi/13.2.1/../../../../arm-none-eabi/lib/thumb/v7e-m+fp/hard/libc_nano.a(libc_a-msizer.o)
                0x00001ab0                _malloc_usable_size_r
 .text._sbrk    0x00001ac0       0x3c /usr/local/mcuxpressoide-11.10.0_3148/ide/plugins/com.nxp.mcuxpresso.tools.linux_11.10.0.202311280810/tools/bin/../lib/gcc/arm-none-eabi/13.2.1/../../../../arm-none-eabi/lib/thumb/v7e-m+fp/hard/libcr_newlib_nohost.a(_cr_sbrk.o)
                0x00001ac0                _sbrk
 .text.__check_heap_overflow
                0x00001afc       0x18 /usr/local/mcuxpressoide-11.10.0_3148/ide/plugins/com.nxp.mcuxpresso.tools.linux_11.10.0.202311280810/tools/bin/../lib/gcc/arm-none-eabi/13.2.1/../../../../arm-none-eabi/lib/thumb/v7e-m+fp/hard/libcr_newlib_nohost.a(_cr_check_heap.o)
                0x00001afc                __check_heap_overflow
 .text.__errno  0x00001b14        0xc /usr/local/mcuxpressoide-11.10.0_3148/ide/plugins/com.nxp.mcuxpresso.tools.linux_11.10.0.202311280810/tools/bin/../lib/gcc/arm-none-eabi/13.2.1/../../../../arm-none-eabi/lib/thumb/v7e-m+fp/hard/libc_nano.a(libc_a-errno.o)
                0x00001b14                __errno
 *(.rodata .rodata.* .constdata .constdata.*)
 .rodata.main.str1.4
                0x00001b20       0x13 ./source/main.o
 .rodata._svfprintf_r.str1.1
                0x00001b33       0x33 /usr/local/mcuxpressoide-11.10.0_3148/ide/plugins/com.nxp.mcuxpresso.tools.linux_11.10.0.202311280810/tools/bin/../lib/gcc/arm-none-eabi/13.2.1/../../../../arm-none-eabi/lib/thumb/v7e-m+fp/hard/libc_nano.a(libc_a-nano-svfprintf.o)
                                 0x11 (size before relaxing)
 .rodata._printf_i.str1.1
                0x00001b66       0x22 /usr/local/mcuxpressoide-11.10.0_3148/ide/plugins/com.nxp.mcuxpresso.tools.linux_11.10.0.202311280810/tools/bin/../lib/gcc/arm-none-eabi/13.2.1/../../../../arm-none-eabi/lib/thumb/v7e-m+fp/hard/libc_nano.a(libc_a-nano-vfprintf_i.o)
                0x00001b88                        . = ALIGN (0x8)
 *fill*         0x00001b66        0x2 ff

.glue_7         0x00001b68        0x0
 .glue_7        0x00001b68        0x0 linker stubs

.glue_7t        0x00001b68        0x0
 .glue_7t       0x00001b68        0x0 linker stubs

.vfp11_veneer   0x00001b68        0x0
 .vfp11_veneer  0x00001b68        0x0 linker stubs

.v4_bx          0x00001b68        0x0
 .v4_bx         0x00001b68        0x0 linker stubs

.iplt           0x00001b68        0x0
 .iplt          0x00001b68        0x0 ./startup/startup_mk64f12.o

.ARM.extab
 *(.ARM.extab* .gnu.linkonce.armextab.*)

.ARM.exidx      0x00001b68        0x8
                0x00001b68                        __exidx_start = .
 *(.ARM.exidx* .gnu.linkonce.armexidx.*)
 .ARM.exidx     0x00001b68        0x8 /usr/local/mcuxpressoide-11.10.0_3148/ide/plugins/com.nxp.mcuxpresso.tools.linux_11.10.0.202311280810/tools/bin/../lib/gcc/arm-none-eabi/13.2.1/../../../../arm-none-eabi/lib/thumb/v7e-m+fp/hard/libc_nano.a(libc_a-memchr.o)
                0x00001b70                        __exidx_end = .
                0x00001b70                        _etext = .

.rel.dyn        0x00001b70        0x0
 .rel.iplt      0x00001b70        0x0 ./startup/startup_mk64f12.o

.m_usb_data
 *(m_usb_bdt)

.data_RAM2      0x1fff0000        0x0 load address 0x00001b70
 FILL mask 0xff
                [!provide]                        PROVIDE (__start_data_RAM2 = .)
                [!provide]                        PROVIDE (__start_data_SRAM_LOWER = .)
 *(.ramfunc.$RAM2)
 *(.ramfunc.$SRAM_LOWER)
 *(.data.$RAM2)
 *(.data.$SRAM_LOWER)
 *(.data.$RAM2.*)
 *(.data.$SRAM_LOWER.*)
                0x1fff0000                        . = ALIGN (0x8)
                [!provide]                        PROVIDE (__end_data_RAM2 = .)
                [!provide]                        PROVIDE (__end_data_SRAM_LOWER = .)

.data_RAM3      0x14000000        0x0 load address 0x00001b70
 FILL mask 0xff
                [!provide]                        PROVIDE (__start_data_RAM3 = .)
                [!provide]                        PROVIDE (__start_data_FLEX_RAM = .)
 *(.ramfunc.$RAM3)
 *(.ramfunc.$FLEX_RAM)
 *(.data.$RAM3)
 *(.data.$FLEX_RAM)
 *(.data.$RAM3.*)
 *(.data.$FLEX_RAM.*)
                0x14000000                        . = ALIGN (0x8)
                [!provide]                        PROVIDE (__end_data_RAM3 = .)
                [!provide]                        PROVIDE (__end_data_FLEX_RAM = .)

.uninit_RESERVED
                0x20000000        0x0
                0x20000000                        _start_uninit_RESERVED = .
 *(.bss.$RESERVED*)
                0x20000000                        . = ALIGN (0x8)
                0x20000000                        _end_uninit_RESERVED = .

.data           0x20000000       0x60 load address 0x00001b70
 FILL mask 0xff
                0x20000000                        _data = .
                [!provide]                        PROVIDE (__start_data_RAM = .)
                [!provide]                        PROVIDE (__start_data_SRAM_UPPER = .)
 *(vtable)
 *(.ramfunc*)
 *(CodeQuickAccess)
 *(DataQuickAccess)
 *(RamFunction)
 *(.data*)
 .data.x        0x20000000        0x4 ./source/SYSTICK.o
                0x20000000                x
 .data.rti_period
                0x20000004        0x4 ./source/SYSTICK.o
 .data.speed.0  0x20000008        0x4 ./source/SYSTICK.o
 .data._impure_ptr
                0x2000000c        0x4 /usr/local/mcuxpressoide-11.10.0_3148/ide/plugins/com.nxp.mcuxpresso.tools.linux_11.10.0.202311280810/tools/bin/../lib/gcc/arm-none-eabi/13.2.1/../../../../arm-none-eabi/lib/thumb/v7e-m+fp/hard/libc_nano.a(libc_a-impure.o)
                0x2000000c                _impure_ptr
 .data._impure_data
                0x20000010       0x4c /usr/local/mcuxpressoide-11.10.0_3148/ide/plugins/com.nxp.mcuxpresso.tools.linux_11.10.0.202311280810/tools/bin/../lib/gcc/arm-none-eabi/13.2.1/../../../../arm-none-eabi/lib/thumb/v7e-m+fp/hard/libc_nano.a(libc_a-impure.o)
                0x20000010                _impure_data
                0x20000060                        . = ALIGN (0x8)
 *fill*         0x2000005c        0x4 ff
                0x20000060                        _edata = .
                [!provide]                        PROVIDE (__end_data_RAM = .)
                [!provide]                        PROVIDE (__end_data_SRAM_UPPER = .)

.igot.plt       0x20000060        0x0 load address 0x00001bd0
 .igot.plt      0x20000060        0x0 ./startup/startup_mk64f12.o

.bss_RAM2       0x1fff0000        0x0
                [!provide]                        PROVIDE (__start_bss_RAM2 = .)
                [!provide]                        PROVIDE (__start_bss_SRAM_LOWER = .)
 *(.bss.$RAM2)
 *(.bss.$SRAM_LOWER)
 *(.bss.$RAM2.*)
 *(.bss.$SRAM_LOWER.*)
                0x1fff0000                        . = ALIGN ((. != 0x0)?0x8:0x1)
                [!provide]                        PROVIDE (__end_bss_RAM2 = .)
                [!provide]                        PROVIDE (__end_bss_SRAM_LOWER = .)

.bss_RAM3       0x14000000        0x0
                [!provide]                        PROVIDE (__start_bss_RAM3 = .)
                [!provide]                        PROVIDE (__start_bss_FLEX_RAM = .)
 *(.bss.$RAM3)
 *(.bss.$FLEX_RAM)
 *(.bss.$RAM3.*)
 *(.bss.$FLEX_RAM.*)
                0x14000000                        . = ALIGN ((. != 0x0)?0x8:0x1)
                [!provide]                        PROVIDE (__end_bss_RAM3 = .)
                [!provide]                        PROVIDE (__end_bss_FLEX_RAM = .)

.bss            0x20000060       0x20
                0x20000060                        _bss = .
                [!provide]                        PROVIDE (__start_bss_RAM = .)
                [!provide]                        PROVIDE (__start_bss_SRAM_UPPER = .)
 *(.bss*)
 .bss.rx_flag   0x20000060        0x1 ./source/UART.o
 .bss.rx_data   0x20000061        0x1 ./source/UART.o
 *fill*         0x20000062        0x2 
 .bss.__LDM_interruptDisableCount
                0x20000064        0x4 ./source/hardware.o
 .bss.__malloc_sbrk_start
                0x20000068        0x4 /usr/local/mcuxpressoide-11.10.0_3148/ide/plugins/com.nxp.mcuxpresso.tools.linux_11.10.0.202311280810/tools/bin/../lib/gcc/arm-none-eabi/13.2.1/../../../../arm-none-eabi/lib/thumb/v7e-m+fp/hard/libc_nano.a(libc_a-mallocr.o)
                0x20000068                __malloc_sbrk_start
 .bss.__malloc_free_list
                0x2000006c        0x4 /usr/local/mcuxpressoide-11.10.0_3148/ide/plugins/com.nxp.mcuxpresso.tools.linux_11.10.0.202311280810/tools/bin/../lib/gcc/arm-none-eabi/13.2.1/../../../../arm-none-eabi/lib/thumb/v7e-m+fp/hard/libc_nano.a(libc_a-mallocr.o)
                0x2000006c                __malloc_free_list
 .bss.__lock___malloc_recursive_mutex
                0x20000070        0x1 /usr/local/mcuxpressoide-11.10.0_3148/ide/plugins/com.nxp.mcuxpresso.tools.linux_11.10.0.202311280810/tools/bin/../lib/gcc/arm-none-eabi/13.2.1/../../../../arm-none-eabi/lib/thumb/v7e-m+fp/hard/libc_nano.a(libc_a-lock.o)
                0x20000070                __lock___malloc_recursive_mutex
 *fill*         0x20000071        0x3 
 .bss.errno     0x20000074        0x4 /usr/local/mcuxpressoide-11.10.0_3148/ide/plugins/com.nxp.mcuxpresso.tools.linux_11.10.0.202311280810/tools/bin/../lib/gcc/arm-none-eabi/13.2.1/../../../../arm-none-eabi/lib/thumb/v7e-m+fp/hard/libc_nano.a(libc_a-reent.o)
                0x20000074                errno
 .bss.__end_of_heap
                0x20000078        0x4 /usr/local/mcuxpressoide-11.10.0_3148/ide/plugins/com.nxp.mcuxpresso.tools.linux_11.10.0.202311280810/tools/bin/../lib/gcc/arm-none-eabi/13.2.1/../../../../arm-none-eabi/lib/thumb/v7e-m+fp/hard/libcr_newlib_nohost.a(_cr_sbrk.o)
                0x20000078                __end_of_heap
 *(COMMON)
                0x20000080                        . = ALIGN (0x8)
 *fill*         0x2000007c        0x4 
                0x20000080                        _ebss = .
                [!provide]                        PROVIDE (__end_bss_RAM = .)
                [!provide]                        PROVIDE (__end_bss_SRAM_UPPER = .)
                [!provide]                        PROVIDE (end = .)

.noinit_RAM2    0x1fff0000        0x0
                [!provide]                        PROVIDE (__start_noinit_RAM2 = .)
                [!provide]                        PROVIDE (__start_noinit_SRAM_LOWER = .)
 *(.noinit.$RAM2)
 *(.noinit.$SRAM_LOWER)
 *(.noinit.$RAM2.*)
 *(.noinit.$SRAM_LOWER.*)
                0x1fff0000                        . = ALIGN (0x8)
                [!provide]                        PROVIDE (__end_noinit_RAM2 = .)
                [!provide]                        PROVIDE (__end_noinit_SRAM_LOWER = .)

.noinit_RAM3    0x14000000        0x0
                [!provide]                        PROVIDE (__start_noinit_RAM3 = .)
                [!provide]                        PROVIDE (__start_noinit_FLEX_RAM = .)
 *(.noinit.$RAM3)
 *(.noinit.$FLEX_RAM)
 *(.noinit.$RAM3.*)
 *(.noinit.$FLEX_RAM.*)
                0x14000000                        . = ALIGN (0x8)
                [!provide]                        PROVIDE (__end_noinit_RAM3 = .)
                [!provide]                        PROVIDE (__end_noinit_FLEX_RAM = .)

.noinit         0x20000080        0x0
                0x20000080                        _noinit = .
                [!provide]                        PROVIDE (__start_noinit_RAM = .)
                [!provide]                        PROVIDE (__start_noinit_SRAM_UPPER = .)
 *(.noinit*)
                0x20000080                        . = ALIGN (0x8)
                0x20000080                        _end_noinit = .
                [!provide]                        PROVIDE (__end_noinit_RAM = .)
                [!provide]                        PROVIDE (__end_noinit_SRAM_UPPER = .)
                0x00001000                        _HeapSize = 0x1000

.heap           0x20000080     0x1000
                0x20000080                        _pvHeapStart = .
                0x20001080                        . = (. + _HeapSize)
 *fill*         0x20000080     0x1000 
                0x20001080                        . = ALIGN (0x8)
                0x20001080                        _pvHeapLimit = .
                0x00001000                        _StackSize = 0x1000

.heap2stackfill
                0x20001080     0x1000
                0x20002080                        . = (. + _StackSize)
 *fill*         0x20001080     0x1000 

.stack          0x2002f000        0x0
                0x2002f000                        _vStackBase = .
                0x2002f000                        . = ALIGN (0x8)
                0x20030000                        _vStackTop = (. + _StackSize)
                0x00000000                        _image_start = LOADADDR (.text)
                0x00001bd0                        _image_end = (LOADADDR (.data) + SIZEOF (.data))
                0x00001bd0                        _image_size = (_image_end - _image_start)
OUTPUT(DSP1.axf elf32-littlearm)
LOAD linker stubs

.debug_info     0x00000000     0x42f6
 .debug_info    0x00000000      0xd0c ./startup/startup_mk64f12.o
 .debug_info    0x00000d0c      0xc02 ./source/ADC.o
 .debug_info    0x0000190e      0x38a ./source/DAC.o
 .debug_info    0x00001c98      0x626 ./source/SYSTICK.o
 .debug_info    0x000022be      0xbca ./source/UART.o
 .debug_info    0x00002e88      0x6d6 ./source/hardware.o
 .debug_info    0x0000355e      0x125 ./source/main.o
 .debug_info    0x00003683      0x471 ./source/ports.o
 .debug_info    0x00003af4      0x64c ./CMSIS/system_MK64F12.o
 .debug_info    0x00004140      0x13e /usr/local/mcuxpressoide-11.10.0_3148/ide/plugins/com.nxp.mcuxpresso.tools.linux_11.10.0.202311280810/tools/bin/../lib/gcc/arm-none-eabi/13.2.1/../../../../arm-none-eabi/lib/thumb/v7e-m+fp/hard/libcr_newlib_nohost.a(_cr_sbrk.o)
 .debug_info    0x0000427e       0x78 /usr/local/mcuxpressoide-11.10.0_3148/ide/plugins/com.nxp.mcuxpresso.tools.linux_11.10.0.202311280810/tools/bin/../lib/gcc/arm-none-eabi/13.2.1/../../../../arm-none-eabi/lib/thumb/v7e-m+fp/hard/libcr_newlib_nohost.a(_cr_check_heap.o)

.debug_abbrev   0x00000000      0xe62
 .debug_abbrev  0x00000000      0x19a ./startup/startup_mk64f12.o
 .debug_abbrev  0x0000019a      0x1ed ./source/ADC.o
 .debug_abbrev  0x00000387      0x126 ./source/DAC.o
 .debug_abbrev  0x000004ad      0x1a1 ./source/SYSTICK.o
 .debug_abbrev  0x0000064e      0x268 ./source/UART.o
 .debug_abbrev  0x000008b6      0x12e ./source/hardware.o
 .debug_abbrev  0x000009e4       0xb3 ./source/main.o
 .debug_abbrev  0x00000a97      0x128 ./source/ports.o
 .debug_abbrev  0x00000bbf      0x12e ./CMSIS/system_MK64F12.o
 .debug_abbrev  0x00000ced      0x10a /usr/local/mcuxpressoide-11.10.0_3148/ide/plugins/com.nxp.mcuxpresso.tools.linux_11.10.0.202311280810/tools/bin/../lib/gcc/arm-none-eabi/13.2.1/../../../../arm-none-eabi/lib/thumb/v7e-m+fp/hard/libcr_newlib_nohost.a(_cr_sbrk.o)
 .debug_abbrev  0x00000df7       0x6b /usr/local/mcuxpressoide-11.10.0_3148/ide/plugins/com.nxp.mcuxpresso.tools.linux_11.10.0.202311280810/tools/bin/../lib/gcc/arm-none-eabi/13.2.1/../../../../arm-none-eabi/lib/thumb/v7e-m+fp/hard/libcr_newlib_nohost.a(_cr_check_heap.o)

.debug_loc      0x00000000      0x2a9
 .debug_loc     0x00000000      0x1f9 ./startup/startup_mk64f12.o
 .debug_loc     0x000001f9       0x62 /usr/local/mcuxpressoide-11.10.0_3148/ide/plugins/com.nxp.mcuxpresso.tools.linux_11.10.0.202311280810/tools/bin/../lib/gcc/arm-none-eabi/13.2.1/../../../../arm-none-eabi/lib/thumb/v7e-m+fp/hard/libcr_newlib_nohost.a(_cr_sbrk.o)
 .debug_loc     0x0000025b       0x4e /usr/local/mcuxpressoide-11.10.0_3148/ide/plugins/com.nxp.mcuxpresso.tools.linux_11.10.0.202311280810/tools/bin/../lib/gcc/arm-none-eabi/13.2.1/../../../../arm-none-eabi/lib/thumb/v7e-m+fp/hard/libcr_newlib_nohost.a(_cr_check_heap.o)

.debug_aranges  0x00000000      0x578
 .debug_aranges
                0x00000000      0x330 ./startup/startup_mk64f12.o
 .debug_aranges
                0x00000330       0x90 ./source/ADC.o
 .debug_aranges
                0x000003c0       0x28 ./source/DAC.o
 .debug_aranges
                0x000003e8       0x40 ./source/SYSTICK.o
 .debug_aranges
                0x00000428       0x60 ./source/UART.o
 .debug_aranges
                0x00000488       0x30 ./source/hardware.o
 .debug_aranges
                0x000004b8       0x20 ./source/main.o
 .debug_aranges
                0x000004d8       0x38 ./source/ports.o
 .debug_aranges
                0x00000510       0x28 ./CMSIS/system_MK64F12.o
 .debug_aranges
                0x00000538       0x20 /usr/local/mcuxpressoide-11.10.0_3148/ide/plugins/com.nxp.mcuxpresso.tools.linux_11.10.0.202311280810/tools/bin/../lib/gcc/arm-none-eabi/13.2.1/../../../../arm-none-eabi/lib/thumb/v7e-m+fp/hard/libcr_newlib_nohost.a(_cr_sbrk.o)
 .debug_aranges
                0x00000558       0x20 /usr/local/mcuxpressoide-11.10.0_3148/ide/plugins/com.nxp.mcuxpresso.tools.linux_11.10.0.202311280810/tools/bin/../lib/gcc/arm-none-eabi/13.2.1/../../../../arm-none-eabi/lib/thumb/v7e-m+fp/hard/libcr_newlib_nohost.a(_cr_check_heap.o)

.debug_ranges   0x00000000      0x4c8
 .debug_ranges  0x00000000      0x320 ./startup/startup_mk64f12.o
 .debug_ranges  0x00000320       0x80 ./source/ADC.o
 .debug_ranges  0x000003a0       0x18 ./source/DAC.o
 .debug_ranges  0x000003b8       0x30 ./source/SYSTICK.o
 .debug_ranges  0x000003e8       0x50 ./source/UART.o
 .debug_ranges  0x00000438       0x20 ./source/hardware.o
 .debug_ranges  0x00000458       0x10 ./source/main.o
 .debug_ranges  0x00000468       0x28 ./source/ports.o
 .debug_ranges  0x00000490       0x18 ./CMSIS/system_MK64F12.o
 .debug_ranges  0x000004a8       0x10 /usr/local/mcuxpressoide-11.10.0_3148/ide/plugins/com.nxp.mcuxpresso.tools.linux_11.10.0.202311280810/tools/bin/../lib/gcc/arm-none-eabi/13.2.1/../../../../arm-none-eabi/lib/thumb/v7e-m+fp/hard/libcr_newlib_nohost.a(_cr_sbrk.o)
 .debug_ranges  0x000004b8       0x10 /usr/local/mcuxpressoide-11.10.0_3148/ide/plugins/com.nxp.mcuxpresso.tools.linux_11.10.0.202311280810/tools/bin/../lib/gcc/arm-none-eabi/13.2.1/../../../../arm-none-eabi/lib/thumb/v7e-m+fp/hard/libcr_newlib_nohost.a(_cr_check_heap.o)

.debug_macro    0x00000000    0x1273c
 .debug_macro   0x00000000       0x29 ./startup/startup_mk64f12.o
 .debug_macro   0x00000029      0xafc ./startup/startup_mk64f12.o
 .debug_macro   0x00000b25       0xf2 ./source/ADC.o
 .debug_macro   0x00000c17       0x22 ./source/ADC.o
 .debug_macro   0x00000c39       0x8e ./source/ADC.o
 .debug_macro   0x00000cc7       0x51 ./source/ADC.o
 .debug_macro   0x00000d18      0x103 ./source/ADC.o
 .debug_macro   0x00000e1b       0x6a ./source/ADC.o
 .debug_macro   0x00000e85      0x1df ./source/ADC.o
 .debug_macro   0x00001064       0x22 ./source/ADC.o
 .debug_macro   0x00001086       0x10 ./source/ADC.o
 .debug_macro   0x00001096       0x5b ./source/ADC.o
 .debug_macro   0x000010f1       0x3b ./source/ADC.o
 .debug_macro   0x0000112c       0x50 ./source/ADC.o
 .debug_macro   0x0000117c      0xd40 ./source/ADC.o
 .debug_macro   0x00001ebc       0x44 ./source/ADC.o
 .debug_macro   0x00001f00     0xe07b ./source/ADC.o
 .debug_macro   0x0000ff7b     0x13c7 ./source/ADC.o
 .debug_macro   0x00011342       0x16 ./source/ADC.o
 .debug_macro   0x00011358       0xf2 ./source/DAC.o
 .debug_macro   0x0001144a      0x214 ./source/SYSTICK.o
 .debug_macro   0x0001165e       0x61 ./source/SYSTICK.o
 .debug_macro   0x000116bf       0x2a ./source/SYSTICK.o
 .debug_macro   0x000116e9       0x43 ./source/SYSTICK.o
 .debug_macro   0x0001172c       0x34 ./source/SYSTICK.o
 .debug_macro   0x00011760       0x16 ./source/SYSTICK.o
 .debug_macro   0x00011776       0x9e ./source/SYSTICK.o
 .debug_macro   0x00011814      0x370 ./source/SYSTICK.o
 .debug_macro   0x00011b84      0x112 ./source/SYSTICK.o
 .debug_macro   0x00011c96       0x10 ./source/SYSTICK.o
 .debug_macro   0x00011ca6       0x16 ./source/SYSTICK.o
 .debug_macro   0x00011cbc       0x4a ./source/SYSTICK.o
 .debug_macro   0x00011d06       0x34 ./source/SYSTICK.o
 .debug_macro   0x00011d3a       0x10 ./source/SYSTICK.o
 .debug_macro   0x00011d4a       0x58 ./source/SYSTICK.o
 .debug_macro   0x00011da2       0x8e ./source/SYSTICK.o
 .debug_macro   0x00011e30       0x1c ./source/SYSTICK.o
 .debug_macro   0x00011e4c      0x177 ./source/SYSTICK.o
 .debug_macro   0x00011fc3       0x16 ./source/SYSTICK.o
 .debug_macro   0x00011fd9       0x16 ./source/SYSTICK.o
 .debug_macro   0x00011fef      0x146 ./source/SYSTICK.o
 .debug_macro   0x00012135       0x2e ./source/SYSTICK.o
 .debug_macro   0x00012163      0x1d5 ./source/UART.o
 .debug_macro   0x00012338       0x58 ./source/UART.o
 .debug_macro   0x00012390       0xe2 ./source/hardware.o
 .debug_macro   0x00012472      0x119 ./source/main.o
 .debug_macro   0x0001258b       0xeb ./source/ports.o
 .debug_macro   0x00012676       0xc6 ./CMSIS/system_MK64F12.o

.debug_line     0x00000000     0x388b
 .debug_line    0x00000000      0xa09 ./startup/startup_mk64f12.o
 .debug_line    0x00000a09      0x84a ./source/ADC.o
 .debug_line    0x00001253      0x414 ./source/DAC.o
 .debug_line    0x00001667      0x5fa ./source/SYSTICK.o
 .debug_line    0x00001c61      0x6e0 ./source/UART.o
 .debug_line    0x00002341      0x4d1 ./source/hardware.o
 .debug_line    0x00002812      0x42f ./source/main.o
 .debug_line    0x00002c41      0x510 ./source/ports.o
 .debug_line    0x00003151      0x4fb ./CMSIS/system_MK64F12.o
 .debug_line    0x0000364c      0x1de /usr/local/mcuxpressoide-11.10.0_3148/ide/plugins/com.nxp.mcuxpresso.tools.linux_11.10.0.202311280810/tools/bin/../lib/gcc/arm-none-eabi/13.2.1/../../../../arm-none-eabi/lib/thumb/v7e-m+fp/hard/libcr_newlib_nohost.a(_cr_sbrk.o)
 .debug_line    0x0000382a       0x61 /usr/local/mcuxpressoide-11.10.0_3148/ide/plugins/com.nxp.mcuxpresso.tools.linux_11.10.0.202311280810/tools/bin/../lib/gcc/arm-none-eabi/13.2.1/../../../../arm-none-eabi/lib/thumb/v7e-m+fp/hard/libcr_newlib_nohost.a(_cr_check_heap.o)

.debug_str      0x00000000    0x7c1a9
 .debug_str     0x00000000    0x7c1a9 ./startup/startup_mk64f12.o
                               0x37b1 (size before relaxing)
 .debug_str     0x0007c1a9    0x777cd ./source/ADC.o
 .debug_str     0x0007c1a9    0x7703d ./source/DAC.o
 .debug_str     0x0007c1a9    0x7ac78 ./source/SYSTICK.o
 .debug_str     0x0007c1a9    0x7b3cd ./source/UART.o
 .debug_str     0x0007c1a9    0x77145 ./source/hardware.o
 .debug_str     0x0007c1a9    0x7702a ./source/main.o
 .debug_str     0x0007c1a9    0x770f6 ./source/ports.o
 .debug_str     0x0007c1a9    0x77056 ./CMSIS/system_MK64F12.o
 .debug_str     0x0007c1a9      0x25b /usr/local/mcuxpressoide-11.10.0_3148/ide/plugins/com.nxp.mcuxpresso.tools.linux_11.10.0.202311280810/tools/bin/../lib/gcc/arm-none-eabi/13.2.1/../../../../arm-none-eabi/lib/thumb/v7e-m+fp/hard/libcr_newlib_nohost.a(_cr_sbrk.o)
 .debug_str     0x0007c1a9      0x1bd /usr/local/mcuxpressoide-11.10.0_3148/ide/plugins/com.nxp.mcuxpresso.tools.linux_11.10.0.202311280810/tools/bin/../lib/gcc/arm-none-eabi/13.2.1/../../../../arm-none-eabi/lib/thumb/v7e-m+fp/hard/libcr_newlib_nohost.a(_cr_check_heap.o)

.comment        0x00000000       0x44
 .comment       0x00000000       0x44 ./startup/startup_mk64f12.o
                                 0x45 (size before relaxing)
 .comment       0x00000044       0x45 ./source/ADC.o
 .comment       0x00000044       0x45 ./source/DAC.o
 .comment       0x00000044       0x45 ./source/SYSTICK.o
 .comment       0x00000044       0x45 ./source/UART.o
 .comment       0x00000044       0x45 ./source/hardware.o
 .comment       0x00000044       0x45 ./source/main.o
 .comment       0x00000044       0x45 ./source/ports.o
 .comment       0x00000044       0x45 ./CMSIS/system_MK64F12.o
 .comment       0x00000044       0x45 /usr/local/mcuxpressoide-11.10.0_3148/ide/plugins/com.nxp.mcuxpresso.tools.linux_11.10.0.202311280810/tools/bin/../lib/gcc/arm-none-eabi/13.2.1/../../../../arm-none-eabi/lib/thumb/v7e-m+fp/hard/libcr_newlib_nohost.a(_cr_sbrk.o)
 .comment       0x00000044       0x45 /usr/local/mcuxpressoide-11.10.0_3148/ide/plugins/com.nxp.mcuxpresso.tools.linux_11.10.0.202311280810/tools/bin/../lib/gcc/arm-none-eabi/13.2.1/../../../../arm-none-eabi/lib/thumb/v7e-m+fp/hard/libcr_newlib_nohost.a(_cr_check_heap.o)

.ARM.attributes
                0x00000000       0x32
 .ARM.attributes
                0x00000000       0x34 ./startup/startup_mk64f12.o
 .ARM.attributes
                0x00000034       0x34 ./source/ADC.o
 .ARM.attributes
                0x00000068       0x34 ./source/DAC.o
 .ARM.attributes
                0x0000009c       0x34 ./source/SYSTICK.o
 .ARM.attributes
                0x000000d0       0x34 ./source/UART.o
 .ARM.attributes
                0x00000104       0x34 ./source/hardware.o
 .ARM.attributes
                0x00000138       0x34 ./source/main.o
 .ARM.attributes
                0x0000016c       0x34 ./source/ports.o
 .ARM.attributes
                0x000001a0       0x34 ./CMSIS/system_MK64F12.o
 .ARM.attributes
                0x000001d4       0x34 /usr/local/mcuxpressoide-11.10.0_3148/ide/plugins/com.nxp.mcuxpresso.tools.linux_11.10.0.202311280810/tools/bin/../lib/gcc/arm-none-eabi/13.2.1/../../../../arm-none-eabi/lib/thumb/v7e-m+fp/hard/libc_nano.a(libc_a-vsprintf.o)
 .ARM.attributes
                0x00000208       0x34 /usr/local/mcuxpressoide-11.10.0_3148/ide/plugins/com.nxp.mcuxpresso.tools.linux_11.10.0.202311280810/tools/bin/../lib/gcc/arm-none-eabi/13.2.1/../../../../arm-none-eabi/lib/thumb/v7e-m+fp/hard/libc_nano.a(libc_a-impure.o)
 .ARM.attributes
                0x0000023c       0x34 /usr/local/mcuxpressoide-11.10.0_3148/ide/plugins/com.nxp.mcuxpresso.tools.linux_11.10.0.202311280810/tools/bin/../lib/gcc/arm-none-eabi/13.2.1/../../../../arm-none-eabi/lib/thumb/v7e-m+fp/hard/libc_nano.a(libc_a-nano-svfprintf.o)
 .ARM.attributes
                0x00000270       0x34 /usr/local/mcuxpressoide-11.10.0_3148/ide/plugins/com.nxp.mcuxpresso.tools.linux_11.10.0.202311280810/tools/bin/../lib/gcc/arm-none-eabi/13.2.1/../../../../arm-none-eabi/lib/thumb/v7e-m+fp/hard/libc_nano.a(libc_a-nano-vfprintf_i.o)
 .ARM.attributes
                0x000002a4       0x1c /usr/local/mcuxpressoide-11.10.0_3148/ide/plugins/com.nxp.mcuxpresso.tools.linux_11.10.0.202311280810/tools/bin/../lib/gcc/arm-none-eabi/13.2.1/../../../../arm-none-eabi/lib/thumb/v7e-m+fp/hard/libc_nano.a(libc_a-memchr.o)
 .ARM.attributes
                0x000002c0       0x34 /usr/local/mcuxpressoide-11.10.0_3148/ide/plugins/com.nxp.mcuxpresso.tools.linux_11.10.0.202311280810/tools/bin/../lib/gcc/arm-none-eabi/13.2.1/../../../../arm-none-eabi/lib/thumb/v7e-m+fp/hard/libc_nano.a(libc_a-memcpy-stub.o)
 .ARM.attributes
                0x000002f4       0x34 /usr/local/mcuxpressoide-11.10.0_3148/ide/plugins/com.nxp.mcuxpresso.tools.linux_11.10.0.202311280810/tools/bin/../lib/gcc/arm-none-eabi/13.2.1/../../../../arm-none-eabi/lib/thumb/v7e-m+fp/hard/libc_nano.a(libc_a-mallocr.o)
 .ARM.attributes
                0x00000328       0x34 /usr/local/mcuxpressoide-11.10.0_3148/ide/plugins/com.nxp.mcuxpresso.tools.linux_11.10.0.202311280810/tools/bin/../lib/gcc/arm-none-eabi/13.2.1/../../../../arm-none-eabi/lib/thumb/v7e-m+fp/hard/libc_nano.a(libc_a-mlock.o)
 .ARM.attributes
                0x0000035c       0x34 /usr/local/mcuxpressoide-11.10.0_3148/ide/plugins/com.nxp.mcuxpresso.tools.linux_11.10.0.202311280810/tools/bin/../lib/gcc/arm-none-eabi/13.2.1/../../../../arm-none-eabi/lib/thumb/v7e-m+fp/hard/libc_nano.a(libc_a-sbrkr.o)
 .ARM.attributes
                0x00000390       0x34 /usr/local/mcuxpressoide-11.10.0_3148/ide/plugins/com.nxp.mcuxpresso.tools.linux_11.10.0.202311280810/tools/bin/../lib/gcc/arm-none-eabi/13.2.1/../../../../arm-none-eabi/lib/thumb/v7e-m+fp/hard/libc_nano.a(libc_a-memmove.o)
 .ARM.attributes
                0x000003c4       0x34 /usr/local/mcuxpressoide-11.10.0_3148/ide/plugins/com.nxp.mcuxpresso.tools.linux_11.10.0.202311280810/tools/bin/../lib/gcc/arm-none-eabi/13.2.1/../../../../arm-none-eabi/lib/thumb/v7e-m+fp/hard/libc_nano.a(libc_a-reallocr.o)
 .ARM.attributes
                0x000003f8       0x34 /usr/local/mcuxpressoide-11.10.0_3148/ide/plugins/com.nxp.mcuxpresso.tools.linux_11.10.0.202311280810/tools/bin/../lib/gcc/arm-none-eabi/13.2.1/../../../../arm-none-eabi/lib/thumb/v7e-m+fp/hard/libc_nano.a(libc_a-freer.o)
 .ARM.attributes
                0x0000042c       0x34 /usr/local/mcuxpressoide-11.10.0_3148/ide/plugins/com.nxp.mcuxpresso.tools.linux_11.10.0.202311280810/tools/bin/../lib/gcc/arm-none-eabi/13.2.1/../../../../arm-none-eabi/lib/thumb/v7e-m+fp/hard/libc_nano.a(libc_a-lock.o)
 .ARM.attributes
                0x00000460       0x34 /usr/local/mcuxpressoide-11.10.0_3148/ide/plugins/com.nxp.mcuxpresso.tools.linux_11.10.0.202311280810/tools/bin/../lib/gcc/arm-none-eabi/13.2.1/../../../../arm-none-eabi/lib/thumb/v7e-m+fp/hard/libc_nano.a(libc_a-reent.o)
 .ARM.attributes
                0x00000494       0x34 /usr/local/mcuxpressoide-11.10.0_3148/ide/plugins/com.nxp.mcuxpresso.tools.linux_11.10.0.202311280810/tools/bin/../lib/gcc/arm-none-eabi/13.2.1/../../../../arm-none-eabi/lib/thumb/v7e-m+fp/hard/libc_nano.a(libc_a-msizer.o)
 .ARM.attributes
                0x000004c8       0x34 /usr/local/mcuxpressoide-11.10.0_3148/ide/plugins/com.nxp.mcuxpresso.tools.linux_11.10.0.202311280810/tools/bin/../lib/gcc/arm-none-eabi/13.2.1/../../../../arm-none-eabi/lib/thumb/v7e-m+fp/hard/libcr_newlib_nohost.a(_cr_sbrk.o)
 .ARM.attributes
                0x000004fc       0x34 /usr/local/mcuxpressoide-11.10.0_3148/ide/plugins/com.nxp.mcuxpresso.tools.linux_11.10.0.202311280810/tools/bin/../lib/gcc/arm-none-eabi/13.2.1/../../../../arm-none-eabi/lib/thumb/v7e-m+fp/hard/libcr_newlib_nohost.a(_cr_check_heap.o)
 .ARM.attributes
                0x00000530       0x34 /usr/local/mcuxpressoide-11.10.0_3148/ide/plugins/com.nxp.mcuxpresso.tools.linux_11.10.0.202311280810/tools/bin/../lib/gcc/arm-none-eabi/13.2.1/../../../../arm-none-eabi/lib/thumb/v7e-m+fp/hard/libc_nano.a(libc_a-errno.o)

.debug_frame    0x00000000     0x1394
 .debug_frame   0x00000000      0x904 ./startup/startup_mk64f12.o
 .debug_frame   0x00000904      0x25c ./source/ADC.o
 .debug_frame   0x00000b60       0x58 ./source/DAC.o
 .debug_frame   0x00000bb8       0xbc ./source/SYSTICK.o
 .debug_frame   0x00000c74      0x170 ./source/UART.o
 .debug_frame   0x00000de4       0x70 ./source/hardware.o
 .debug_frame   0x00000e54       0x30 ./source/main.o
 .debug_frame   0x00000e84       0xa8 ./source/ports.o
 .debug_frame   0x00000f2c       0x58 ./CMSIS/system_MK64F12.o
 .debug_frame   0x00000f84       0x3c /usr/local/mcuxpressoide-11.10.0_3148/ide/plugins/com.nxp.mcuxpresso.tools.linux_11.10.0.202311280810/tools/bin/../lib/gcc/arm-none-eabi/13.2.1/../../../../arm-none-eabi/lib/thumb/v7e-m+fp/hard/libc_nano.a(libc_a-vsprintf.o)
 .debug_frame   0x00000fc0       0x90 /usr/local/mcuxpressoide-11.10.0_3148/ide/plugins/com.nxp.mcuxpresso.tools.linux_11.10.0.202311280810/tools/bin/../lib/gcc/arm-none-eabi/13.2.1/../../../../arm-none-eabi/lib/thumb/v7e-m+fp/hard/libc_nano.a(libc_a-nano-svfprintf.o)
 .debug_frame   0x00001050       0x60 /usr/local/mcuxpressoide-11.10.0_3148/ide/plugins/com.nxp.mcuxpresso.tools.linux_11.10.0.202311280810/tools/bin/../lib/gcc/arm-none-eabi/13.2.1/../../../../arm-none-eabi/lib/thumb/v7e-m+fp/hard/libc_nano.a(libc_a-nano-vfprintf_i.o)
 .debug_frame   0x000010b0       0x28 /usr/local/mcuxpressoide-11.10.0_3148/ide/plugins/com.nxp.mcuxpresso.tools.linux_11.10.0.202311280810/tools/bin/../lib/gcc/arm-none-eabi/13.2.1/../../../../arm-none-eabi/lib/thumb/v7e-m+fp/hard/libc_nano.a(libc_a-memcpy-stub.o)
 .debug_frame   0x000010d8       0x50 /usr/local/mcuxpressoide-11.10.0_3148/ide/plugins/com.nxp.mcuxpresso.tools.linux_11.10.0.202311280810/tools/bin/../lib/gcc/arm-none-eabi/13.2.1/../../../../arm-none-eabi/lib/thumb/v7e-m+fp/hard/libc_nano.a(libc_a-mallocr.o)
 .debug_frame   0x00001128       0x30 /usr/local/mcuxpressoide-11.10.0_3148/ide/plugins/com.nxp.mcuxpresso.tools.linux_11.10.0.202311280810/tools/bin/../lib/gcc/arm-none-eabi/13.2.1/../../../../arm-none-eabi/lib/thumb/v7e-m+fp/hard/libc_nano.a(libc_a-mlock.o)
 .debug_frame   0x00001158       0x2c /usr/local/mcuxpressoide-11.10.0_3148/ide/plugins/com.nxp.mcuxpresso.tools.linux_11.10.0.202311280810/tools/bin/../lib/gcc/arm-none-eabi/13.2.1/../../../../arm-none-eabi/lib/thumb/v7e-m+fp/hard/libc_nano.a(libc_a-sbrkr.o)
 .debug_frame   0x00001184       0x28 /usr/local/mcuxpressoide-11.10.0_3148/ide/plugins/com.nxp.mcuxpresso.tools.linux_11.10.0.202311280810/tools/bin/../lib/gcc/arm-none-eabi/13.2.1/../../../../arm-none-eabi/lib/thumb/v7e-m+fp/hard/libc_nano.a(libc_a-memmove.o)
 .debug_frame   0x000011ac       0x3c /usr/local/mcuxpressoide-11.10.0_3148/ide/plugins/com.nxp.mcuxpresso.tools.linux_11.10.0.202311280810/tools/bin/../lib/gcc/arm-none-eabi/13.2.1/../../../../arm-none-eabi/lib/thumb/v7e-m+fp/hard/libc_nano.a(libc_a-reallocr.o)
 .debug_frame   0x000011e8       0x38 /usr/local/mcuxpressoide-11.10.0_3148/ide/plugins/com.nxp.mcuxpresso.tools.linux_11.10.0.202311280810/tools/bin/../lib/gcc/arm-none-eabi/13.2.1/../../../../arm-none-eabi/lib/thumb/v7e-m+fp/hard/libc_nano.a(libc_a-freer.o)
 .debug_frame   0x00001220       0xb0 /usr/local/mcuxpressoide-11.10.0_3148/ide/plugins/com.nxp.mcuxpresso.tools.linux_11.10.0.202311280810/tools/bin/../lib/gcc/arm-none-eabi/13.2.1/../../../../arm-none-eabi/lib/thumb/v7e-m+fp/hard/libc_nano.a(libc_a-lock.o)
 .debug_frame   0x000012d0       0x38 /usr/local/mcuxpressoide-11.10.0_3148/ide/plugins/com.nxp.mcuxpresso.tools.linux_11.10.0.202311280810/tools/bin/../lib/gcc/arm-none-eabi/13.2.1/../../../../arm-none-eabi/lib/thumb/v7e-m+fp/hard/libc_nano.a(libc_a-reent.o)
 .debug_frame   0x00001308       0x20 /usr/local/mcuxpressoide-11.10.0_3148/ide/plugins/com.nxp.mcuxpresso.tools.linux_11.10.0.202311280810/tools/bin/../lib/gcc/arm-none-eabi/13.2.1/../../../../arm-none-eabi/lib/thumb/v7e-m+fp/hard/libc_nano.a(libc_a-msizer.o)
 .debug_frame   0x00001328       0x2c /usr/local/mcuxpressoide-11.10.0_3148/ide/plugins/com.nxp.mcuxpresso.tools.linux_11.10.0.202311280810/tools/bin/../lib/gcc/arm-none-eabi/13.2.1/../../../../arm-none-eabi/lib/thumb/v7e-m+fp/hard/libcr_newlib_nohost.a(_cr_sbrk.o)
 .debug_frame   0x00001354       0x20 /usr/local/mcuxpressoide-11.10.0_3148/ide/plugins/com.nxp.mcuxpresso.tools.linux_11.10.0.202311280810/tools/bin/../lib/gcc/arm-none-eabi/13.2.1/../../../../arm-none-eabi/lib/thumb/v7e-m+fp/hard/libcr_newlib_nohost.a(_cr_check_heap.o)
 .debug_frame   0x00001374       0x20 /usr/local/mcuxpressoide-11.10.0_3148/ide/plugins/com.nxp.mcuxpresso.tools.linux_11.10.0.202311280810/tools/bin/../lib/gcc/arm-none-eabi/13.2.1/../../../../arm-none-eabi/lib/thumb/v7e-m+fp/hard/libc_nano.a(libc_a-errno.o)

.debug_line_str
                0x00000000       0xda
 .debug_line_str
                0x00000000       0xda /usr/local/mcuxpressoide-11.10.0_3148/ide/plugins/com.nxp.mcuxpresso.tools.linux_11.10.0.202311280810/tools/bin/../lib/gcc/arm-none-eabi/13.2.1/../../../../arm-none-eabi/lib/thumb/v7e-m+fp/hard/libc_nano.a(libc_a-memchr.o)
