   1              		.cpu cortex-m4
   2              		.arch armv7e-m
   3              		.fpu fpv4-sp-d16
   4              		.eabi_attribute 28, 1
   5              		.eabi_attribute 20, 1
   6              		.eabi_attribute 21, 1
   7              		.eabi_attribute 23, 3
   8              		.eabi_attribute 24, 1
   9              		.eabi_attribute 25, 1
  10              		.eabi_attribute 26, 1
  11              		.eabi_attribute 30, 6
  12              		.eabi_attribute 34, 1
  13              		.eabi_attribute 18, 4
  14              		.file	"DAC.c"
  15              		.text
  16              	.Ltext0:
  17              		.cfi_sections	.debug_frame
  18              		.file 1 "../CMSIS/DAC.c"
  19              		.section	.text.DAC_Init,"ax",%progbits
  20              		.align	1
  21              		.global	DAC_Init
  22              		.syntax unified
  23              		.thumb
  24              		.thumb_func
  26              	DAC_Init:
  27              	.LFB123:
   1:../CMSIS/DAC.c **** 
   2:../CMSIS/DAC.c **** #include "DAC.h"
   3:../CMSIS/DAC.c **** 
   4:../CMSIS/DAC.c **** #define DAC_DATL_DATA0_WIDTH 8
   5:../CMSIS/DAC.c **** 
   6:../CMSIS/DAC.c **** void DAC_Init (void)
   7:../CMSIS/DAC.c **** {
  28              		.loc 1 7 1
  29              		.cfi_startproc
  30              		@ args = 0, pretend = 0, frame = 0
  31              		@ frame_needed = 1, uses_anonymous_args = 0
  32              		@ link register save eliminated.
  33 0000 80B4     		push	{r7}
  34              		.cfi_def_cfa_offset 4
  35              		.cfi_offset 7, -4
  36 0002 00AF     		add	r7, sp, #0
  37              		.cfi_def_cfa_register 7
   8:../CMSIS/DAC.c **** 	SIM->SCGC2 |= SIM_SCGC2_DAC0_MASK;
  38              		.loc 1 8 5
  39 0004 0F4B     		ldr	r3, .L2
  40 0006 03F58053 		add	r3, r3, #4096
  41 000a DB6A     		ldr	r3, [r3, #44]
  42 000c 0D4A     		ldr	r2, .L2
  43              		.loc 1 8 13
  44 000e 43F48053 		orr	r3, r3, #4096
  45 0012 02F58052 		add	r2, r2, #4096
  46 0016 D362     		str	r3, [r2, #44]
   9:../CMSIS/DAC.c **** 	SIM->SCGC2 |= SIM_SCGC2_DAC1_MASK;
  47              		.loc 1 9 5
  48 0018 0A4B     		ldr	r3, .L2
  49 001a 03F58053 		add	r3, r3, #4096
  50 001e DB6A     		ldr	r3, [r3, #44]
  51 0020 084A     		ldr	r2, .L2
  52              		.loc 1 9 13
  53 0022 43F40053 		orr	r3, r3, #8192
  54 0026 02F58052 		add	r2, r2, #4096
  55 002a D362     		str	r3, [r2, #44]
  10:../CMSIS/DAC.c **** 
  11:../CMSIS/DAC.c **** 	DAC0->C0 = DAC_C0_DACEN_MASK | DAC_C0_DACRFS_MASK | DAC_C0_DACTRGSEL_MASK;
  56              		.loc 1 11 6
  57 002c 064B     		ldr	r3, .L2+4
  58              		.loc 1 11 11
  59 002e E022     		movs	r2, #224
  60 0030 83F82120 		strb	r2, [r3, #33]
  12:../CMSIS/DAC.c **** 	DAC1->C0 = DAC_C0_DACEN_MASK | DAC_C0_DACRFS_MASK | DAC_C0_DACTRGSEL_MASK;
  61              		.loc 1 12 6
  62 0034 054B     		ldr	r3, .L2+8
  63              		.loc 1 12 11
  64 0036 E022     		movs	r2, #224
  65 0038 83F82120 		strb	r2, [r3, #33]
  13:../CMSIS/DAC.c **** }
  66              		.loc 1 13 1
  67 003c 00BF     		nop
  68 003e BD46     		mov	sp, r7
  69              		.cfi_def_cfa_register 13
  70              		@ sp needed
  71 0040 80BC     		pop	{r7}
  72              		.cfi_restore 7
  73              		.cfi_def_cfa_offset 0
  74 0042 7047     		bx	lr
  75              	.L3:
  76              		.align	2
  77              	.L2:
  78 0044 00700440 		.word	1074032640
  79 0048 00C00C40 		.word	1074577408
  80 004c 00D00C40 		.word	1074581504
  81              		.cfi_endproc
  82              	.LFE123:
  84              		.section	.text.DAC_SetData,"ax",%progbits
  85              		.align	1
  86              		.global	DAC_SetData
  87              		.syntax unified
  88              		.thumb
  89              		.thumb_func
  91              	DAC_SetData:
  92              	.LFB124:
  14:../CMSIS/DAC.c **** 
  15:../CMSIS/DAC.c **** void DAC_SetData (DAC_t dac, DACData_t data)
  16:../CMSIS/DAC.c **** {
  93              		.loc 1 16 1
  94              		.cfi_startproc
  95              		@ args = 0, pretend = 0, frame = 8
  96              		@ frame_needed = 1, uses_anonymous_args = 0
  97              		@ link register save eliminated.
  98 0000 80B4     		push	{r7}
  99              		.cfi_def_cfa_offset 4
 100              		.cfi_offset 7, -4
 101 0002 83B0     		sub	sp, sp, #12
 102              		.cfi_def_cfa_offset 16
 103 0004 00AF     		add	r7, sp, #0
 104              		.cfi_def_cfa_register 7
 105 0006 7860     		str	r0, [r7, #4]
 106 0008 0B46     		mov	r3, r1
 107 000a 7B80     		strh	r3, [r7, #2]	@ movhi
  17:../CMSIS/DAC.c **** 	dac->DAT[0].DATL = DAC_DATL_DATA0(data);
 108              		.loc 1 17 21
 109 000c 7B88     		ldrh	r3, [r7, #2]	@ movhi
 110 000e DAB2     		uxtb	r2, r3
 111              		.loc 1 17 19
 112 0010 7B68     		ldr	r3, [r7, #4]
 113 0012 1A70     		strb	r2, [r3]
  18:../CMSIS/DAC.c **** 	dac->DAT[0].DATH = DAC_DATH_DATA1(data >> DAC_DATL_DATA0_WIDTH);
 114              		.loc 1 18 21
 115 0014 7B88     		ldrh	r3, [r7, #2]
 116 0016 1B0A     		lsrs	r3, r3, #8
 117 0018 9BB2     		uxth	r3, r3
 118 001a DBB2     		uxtb	r3, r3
 119 001c 03F00F03 		and	r3, r3, #15
 120 0020 DAB2     		uxtb	r2, r3
 121              		.loc 1 18 19
 122 0022 7B68     		ldr	r3, [r7, #4]
 123 0024 5A70     		strb	r2, [r3, #1]
  19:../CMSIS/DAC.c **** }
 124              		.loc 1 19 1
 125 0026 00BF     		nop
 126 0028 0C37     		adds	r7, r7, #12
 127              		.cfi_def_cfa_offset 4
 128 002a BD46     		mov	sp, r7
 129              		.cfi_def_cfa_register 13
 130              		@ sp needed
 131 002c 80BC     		pop	{r7}
 132              		.cfi_restore 7
 133              		.cfi_def_cfa_offset 0
 134 002e 7047     		bx	lr
 135              		.cfi_endproc
 136              	.LFE124:
 138              		.text
 139              	.Letext0:
 140              		.file 2 "/usr/local/mcuxpressoide-11.10.0_3148/ide/plugins/com.nxp.mcuxpresso.tools.linux_11.10.0.
 141              		.file 3 "/usr/local/mcuxpressoide-11.10.0_3148/ide/plugins/com.nxp.mcuxpresso.tools.linux_11.10.0.
 142              		.file 4 "/home/jacoby/Documents/MCUXpresso_11.10.0_3148/DSP_workspace/DSP1/CMSIS/MK64F12.h"
 143              		.file 5 "/home/jacoby/Documents/MCUXpresso_11.10.0_3148/DSP_workspace/DSP1/source/DAC.h"
DEFINED SYMBOLS
                            *ABS*:00000000 DAC.c
     /tmp/ccdvTwmP.s:20     .text.DAC_Init:00000000 $t
     /tmp/ccdvTwmP.s:26     .text.DAC_Init:00000000 DAC_Init
     /tmp/ccdvTwmP.s:78     .text.DAC_Init:00000044 $d
     /tmp/ccdvTwmP.s:85     .text.DAC_SetData:00000000 $t
     /tmp/ccdvTwmP.s:91     .text.DAC_SetData:00000000 DAC_SetData
                           .group:00000000 wm4.0.207778c4767f8368f5240d76f92047fb
                           .group:00000000 wm4._newlib_version.h.4.6d111ab2e95434b664b53815e5c8ccba
                           .group:00000000 wm4.features.h.33.2eefb68b261e70563a8ac654e712169f
                           .group:00000000 wm4._default_types.h.15.247e5cd201eca3442cbf5404108c4935
                           .group:00000000 wm4._intsup.h.10.48bafbb683905c4daa4565a85aeeb264
                           .group:00000000 wm4._stdint.h.10.c24fa3af3bc1706662bb5593a907e841
                           .group:00000000 wm4.stdint.h.23.d53047a68f4a85177f80b422d52785ed
                           .group:00000000 wm4.stdbool.h.29.c08aa3eec75cf5b9b5003883f43253f0
                           .group:00000000 wm4.fsl_device_registers.h.32.f10b25a7fd7ad45b9a40904c33f28816
                           .group:00000000 wm4.MK64F12.h.105.e884e5c80776532d2ec0f5c21e2ea7cb
                           .group:00000000 wm4.core_cm4.h.42.42f38327ee0970d80f60117e6a3ba2b0
                           .group:00000000 wm4.cmsis_gcc.h.36.39970cb43ce4b53c82644a1f9bc2eab9
                           .group:00000000 wm4.core_cm4.h.223.7b48c9958ef5573320c4765074c8b0ce
                           .group:00000000 wm4.system_MK64F12.h.109.c6d21568e03be21b21c922eb7345d6e3
                           .group:00000000 wm4.MK64F12.h.475.cafa8e1e521f96f0b72de286863a6df7
                           .group:00000000 wm4.MK64F12_features.h.92.512cea46d882153168efeec0bc3a9da7
                           .group:00000000 wm4.hardware.h.27.0531344360c1b4ef1fba1263e2a4c488

NO UNDEFINED SYMBOLS
